[L2] 运行 MVI_4301-1 (D:\新建豆包\100CANON\MVI_4301.MP4) ...
[L2] -> produced
[L2] 运行 MVI_4301-1 (D:\新建豆包\100CANON\MVI_4301.MP4) ...
[L2] -> produced
[L2] 运行 MVI_4380-1 (D:\新建豆包\100CANON\MVI_4380.MP4) ...
[L2] -> produced
[L2] 运行 MVI_4380-1 (D:\新建豆包\100CANON\MVI_4380.MP4) ...
[L2] -> produced
[L2] 运行 MVI_4307-1 (D:\新建豆包\100CANON\MVI_4307.MP4) ...
[L2] -> produced
[L2] 运行 MVI_4307-1 (D:\新建豆包\100CANON\MVI_4307.MP4) ...
[L2] -> produced
[L2] 运行 MVI_4315-1 (D:\新建豆包\100CANON\MVI_4315.MP4) ...
[L2] -> produced
[L2] 运行 MVI_4315-1 (D:\新建豆包\100CANON\MVI_4315.MP4) ...
[L2] -> produced
[L2] 运行 MVI_4211-1 (D:\新建豆包\100CANON\MVI_4211.MP4) ...
[L2] -> produced
[L2] 运行 MVI_4211-1 (D:\新建豆包\100CANON\MVI_4211.MP4) ...
[L2] -> produced
[L2] 运行 MVI_4417-2 (D:\新建豆包\100CANON\MVI_4417.MP4) ...
[L2] -> produced
[L2] 运行 MVI_4417-2 (D:\新建豆包\100CANON\MVI_4417.MP4) ...
[L2] -> produced
[L2] 运行 MVI_4340-2 (D:\新建豆包\100CANON\MVI_4340.MP4) ...
[L2] -> produced
[L2] 运行 MVI_4340-2 (D:\新建豆包\100CANON\MVI_4340.MP4) ...
[L2] -> refused: 全部 1 个候选镜头均违反 must_avoid 约束（['模糊']）——素材无法满足用户约束，拒绝导演（fail-closed）；请更换素材或调整意图
[L2] 运行 MVI_4246-3 (D:\新建豆包\100CANON\MVI_4246.MP4) ...
[L2] -> produced
[L2] 运行 MVI_4246-3 (D:\新建豆包\100CANON\MVI_4246.MP4) ...
[L2] -> produced
[L2] 运行 MVI_4384-4 (D:\新建豆包\100CANON\MVI_4384.MP4) ...
[L2] -> produced
[L2] 运行 MVI_4384-4 (D:\新建豆包\100CANON\MVI_4384.MP4) ...
[L2] -> refused: target_duration_unreachable
[L2] 运行 MVI_4320-4 (D:\新建豆包\100CANON\MVI_4320.MP4) ...
[L2] -> produced
[L2] 运行 MVI_4320-4 (D:\新建豆包\100CANON\MVI_4320.MP4) ...
[L2] -> refused: target_duration_unreachable
[L2] 运行 MVI_4213-4 (D:\新建豆包\100CANON\MVI_4213.MP4) ...
[L2] -> produced
[L2] 运行 MVI_4213-4 (D:\新建豆包\100CANON\MVI_4213.MP4) ...
[L2] -> refused: target_duration_unreachable
[L2] 运行 MVI_4467-6 (D:\新建豆包\100CANON\MVI_4467.MP4) ...
[L2] -> produced
[L2] 运行 MVI_4467-6 (D:\新建豆包\100CANON\MVI_4467.MP4) ...
[L2] -> produced

# L2 素材矩阵 · 鲁棒性画像

任务 24：出片 20｜拒绝 4｜错误 0｜出片中带硬伤 0

| 任务 | 素材 | 状态 | 时长/目标 | 偏差% | 镜头 | ASL | 黑帧 | 硬伤 | 备注 |
|---|---|---|---|---|---|---|---|---|---|
| MVI_4301-1 | MVI_4301 | 出片✅ | 0.92s/1s | 8.0% | 1 | 0.92s | 0 | no | - |
| MVI_4301-1 | MVI_4301 | 出片✅ | 0.92s/1s | 8.0% | 1 | 0.92s | 0 | no | 快剪风格，避免模糊镜头 |
| MVI_4380-1 | MVI_4380 | 出片✅ | 0.92s/1s | 8.0% | 1 | 0.92s | 0 | no | - |
| MVI_4380-1 | MVI_4380 | 出片✅ | 0.92s/1s | 8.0% | 1 | 0.92s | 0 | no | 快剪风格，避免模糊镜头 |
| MVI_4307-1 | MVI_4307 | 出片✅ | 0.92s/1s | 8.0% | 1 | 0.92s | 0 | no | - |
| MVI_4307-1 | MVI_4307 | 出片✅ | 0.92s/1s | 8.0% | 1 | 0.92s | 0 | no | 快剪风格，避免模糊镜头 |
| MVI_4315-1 | MVI_4315 | 出片✅ | 0.92s/1s | 8.0% | 1 | 0.92s | 0 | no | - |
| MVI_4315-1 | MVI_4315 | 出片✅ | 0.92s/1s | 8.0% | 1 | 0.92s | 0 | no | 快剪风格，避免模糊镜头 |
| MVI_4211-1 | MVI_4211 | 出片✅ | 0.92s/1s | 8.0% | 1 | 0.92s | 0 | no | - |
| MVI_4211-1 | MVI_4211 | 出片✅ | 0.92s/1s | 8.0% | 1 | 0.92s | 0 | no | 快剪风格，避免模糊镜头 |
| MVI_4417-2 | MVI_4417 | 出片✅ | 1.84s/2s | 8.0% | 1 | 1.84s | 0 | no | - |
| MVI_4417-2 | MVI_4417 | 出片✅ | 1.84s/2s | 8.0% | 1 | 1.84s | 0 | no | 快剪风格，避免模糊镜头 |
| MVI_4340-2 | MVI_4340 | 出片✅ | 1.84s/2s | 8.0% | 1 | 1.84s | 0 | no | - |
| MVI_4340-2 | MVI_4340 | **拒绝** | - | - | - | - | - | - | 全部 1 个候选镜头均违反 must_avoid 约束（['模糊']）——素材无法满足用户约束，拒绝导演（fail-closed）；请更换素材或调整意图 |
| MVI_4246-3 | MVI_4246 | 出片✅ | 2.76s/3s | 8.0% | 1 | 2.76s | 0 | no | - |
| MVI_4246-3 | MVI_4246 | 出片✅ | 2.76s/3s | 8.0% | 1 | 2.76s | 0 | no | 快剪风格，避免模糊镜头 |
| MVI_4384-4 | MVI_4384 | 出片✅ | 3.68s/4s | 8.0% | 1 | 3.68s | 0 | no | - |
| MVI_4384-4 | MVI_4384 | **拒绝** | - | - | - | - | - | - | target_duration_unreachable |
| MVI_4320-4 | MVI_4320 | 出片✅ | 3.68s/4s | 8.0% | 1 | 3.68s | 0 | no | - |
| MVI_4320-4 | MVI_4320 | **拒绝** | - | - | - | - | - | - | target_duration_unreachable |
| MVI_4213-4 | MVI_4213 | 出片✅ | 3.68s/4s | 8.0% | 1 | 3.68s | 0 | no | - |
| MVI_4213-4 | MVI_4213 | **拒绝** | - | - | - | - | - | - | target_duration_unreachable |
| MVI_4467-6 | MVI_4467 | 出片✅ | 5.52s/6s | 8.0% | 3 | 1.84s | 0 | no | - |
| MVI_4467-6 | MVI_4467 | 出片✅ | 5.52s/6s | 8.0% | 3 | 1.84s | 0 | no | 快剪风格，避免模糊镜头 |

> 拒绝 = fail-closed 生效（素材/约束无法满足目标，系统宁可拒绝也不硬凑）。拒绝原因是 L2 的重要产出：它是素材鲁棒性画像的一部分。

报告已写入: evidence/GLM-HANDOVER/l2_v2_report.md
l2v2_exit=0
