[1/7] 分析媒体: sintel_ref_480p.mp4
      技术观测: 4 条
[2/7] 语音转写...
      语音观测: 0 条
[3/7] 编译 Brief...
      Brief ID: brief_sintel_ref_480p_0c0506a58bf6ad34, 目标时长: 15.0s
[4/7] 构建故事图...
      图节点: 4, 边: 3
[5/7] 推断关系...
      推断关系边: 3 条
[6/7] 生成导演计划...
[7/7] 验证计划...
      验证未通过 (1 个错误)，执行修复...
      修复后验证: PASS
============================================================
EDL 摘要
============================================================
  镜头数:     4
  总时长:     13.50s (13500000us)
  四幕分配:   {'hook': 1, 'develop': 2, 'peak': 1}
  关系边数:   3
  验证状态:   PASS
  EDL ID:     edl_sintel_ref_480p_75234387c79cae97_repaired
  Plan ID:    plan_sintel_ref_480p_75234387c79cae97_repaired
============================================================
渲染中 -> C:/Users/ADMINI~1.001/AppData/Local/Temp/glm_e2e_out.mp4
渲染完成: C:/Users/ADMINI~1.001/AppData/Local/Temp/glm_e2e_out.mp4 (253.9 KB)
