[1/40] MVI_4209.MP4 (target=5s) ...
[VLM 1/2] FAIL shot_a4f467d8e7cc6247 (49.5s) role=broll fn=SENSORY_INSERT
[VLM 2/2] OK   shot_b91d8eb3c85f83cc (22.8s) role=broll fn=DETAIL
    -> ok delta=False shots=2
[2/40] MVI_4212.MP4 (target=3s) ...
[VLM 1/1] OK   shot_ffe6f17e3cd66c2f (31.4s) role=hero fn=ACTION
    -> ok delta=False shots=1
[3/40] MVI_4223.MP4 (target=1s) ...
[VLM 1/1] OK   shot_700b9241e99cf4f8 (29.3s) role=support fn=DETAIL
    -> ok delta=False shots=1
[4/40] MVI_4224.MP4 (target=2s) ...
[VLM 1/1] OK   shot_62ff8ee5523bcd03 (24.5s) role=hero fn=ACTION
    -> ok delta=False shots=1
[5/40] MVI_4230.MP4 (target=1s) ...
[VLM 1/1] OK   shot_64c7ebcb448172d3 (29.0s) role=hero fn=ACTION
    -> ok delta=False shots=1
[6/40] MVI_4240.MP4 (target=2s) ...
[VLM 1/1] OK   shot_3dbfdf694e123816 (25.7s) role=hero fn=ACTION
    -> ok delta=False shots=1
[7/40] MVI_4241.MP4 (target=4s) ...
[VLM 1/1] OK   shot_6d97c2ddd613d22f (28.6s) role=hero fn=ESTABLISHING
    -> ok delta=False shots=1
[8/40] MVI_4246.MP4 (target=3s) ...
[VLM 1/1] OK   shot_da98322d4419103e (22.9s) role=hero fn=ESTABLISHING
    -> ok delta=False shots=1
[9/40] MVI_4255.MP4 (target=1s) ...
[VLM 1/1] OK   shot_9c374398f07c46d8 (20.7s) role=hero fn=ACTION
    -> ok delta=False shots=1
[10/40] MVI_4256.MP4 (target=3s) ...
[VLM 1/1] OK   shot_d55454b29ab82776 (30.2s) role=hero fn=ACTION
    -> ok delta=False shots=1
[11/40] MVI_4261.MP4 (target=1s) ...
[VLM 1/1] OK   shot_899cabdffc548e3c (19.5s) role=hero fn=ESTABLISHING
    -> ok delta=False shots=1
[12/40] MVI_4262.MP4 (target=3s) ...
[VLM 1/1] OK   shot_6ad2d575ac2b6a8a (28.5s) role=hero fn=ACTION
    -> ok delta=False shots=1
[13/40] MVI_4265.MP4 (target=3s) ...
[VLM 1/1] OK   shot_6e5f6cd30a124b77 (27.8s) role=hero fn=REACTION
    -> ok delta=False shots=1
[14/40] MVI_4290.MP4 (target=1s) ...
[VLM 1/1] OK   shot_0b83fd0938bbcc64 (18.0s) role=support fn=DETAIL
    -> ok delta=False shots=1
[15/40] MVI_4301.MP4 (target=1s) ...
[VLM 1/1] OK   shot_e4026b7a7c29c665 (23.8s) role=hero fn=ACTION
    -> ok delta=False shots=1
[16/40] MVI_4311.MP4 (target=1s) ...
[VLM 1/1] OK   shot_9b81e0ebb6bfa089 (21.8s) role=hero fn=ACTION
    -> ok delta=False shots=1
[17/40] MVI_4320.MP4 (target=4s) ...
[VLM 1/1] OK   shot_bcf581b61cf870ca (28.1s) role=hero fn=ESTABLISHING
    -> ok delta=False shots=1
[18/40] MVI_4327.MP4 (target=2s) ...
[VLM 1/1] OK   shot_1dd8df27ef31e4d8 (28.9s) role=hero fn=ACTION
    -> ok delta=False shots=1
[19/40] MVI_4328.MP4 (target=1s) ...
[VLM 1/1] OK   shot_d6a2c22e61276b94 (26.6s) role=hero fn=ACTION
    -> ok delta=False shots=1
[20/40] MVI_4339.MP4 (target=2s) ...
[VLM 1/1] OK   shot_8715cddf122be4df (14.2s) role=hero fn=ACTION
    -> ok delta=False shots=1
[21/40] MVI_4341.MP4 (target=6s) ...
[VLM 1/3] OK   shot_2929449771e3f3d7 (33.4s) role=hero fn=ACTION
[VLM 2/3] OK   shot_92a3dfa63be7b025 (29.2s) role=hero fn=ACTION
[VLM 3/3] OK   shot_e4a35410fb077a4e (25.3s) role=hero fn=ACTION
    -> ok delta=False shots=3
[22/40] MVI_4372.MP4 (target=1s) ...
[VLM 1/1] OK   shot_d7bfea159013c077 (40.1s) role=hero fn=ACTION
    -> ok delta=False shots=1
[23/40] MVI_4389.MP4 (target=5s) ...
[VLM 1/3] OK   shot_4c8b9d7a4f1d6e23 (37.7s) role=hero fn=ESTABLISHING
[VLM 2/3] OK   shot_630610c302412fce (26.7s) role=support fn=ESTABLISHING
[VLM 3/3] OK   shot_33a662c5d3017c29 (33.6s) role=hero fn=ESTABLISHING
    -> ok delta=False shots=3
[24/40] MVI_4392.MP4 (target=2s) ...
[VLM 1/1] OK   shot_0804b86b2e79f0a2 (28.8s) role=support fn=ACTION
    -> ok delta=False shots=1
[25/40] MVI_4394.MP4 (target=2s) ...
[VLM 1/1] OK   shot_47cdc97103185aed (34.4s) role=support fn=ACTION
    -> ok delta=False shots=1
[26/40] MVI_4395.MP4 (target=1s) ...
[VLM 1/1] OK   shot_7cff5a24bfb0f16b (29.1s) role=hero fn=ESTABLISHING
    -> ok delta=False shots=1
[27/40] MVI_4397.MP4 (target=1s) ...
[VLM 1/1] OK   shot_209571817f44f3bf (31.5s) role=hero fn=ESTABLISHING
    -> ok delta=False shots=1
[28/40] MVI_4400.MP4 (target=5s) ...
[VLM 1/3] OK   shot_66d204b525e5d38d (17.5s) role=hero fn=ESTABLISHING
[VLM 2/3] OK   shot_8b211f3aaf428fb5 (21.6s) role=hero fn=ESTABLISHING
[VLM 3/3] OK   shot_fae3b92c948f0bf5 (28.0s) role=hero fn=ESTABLISHING
    -> ok delta=False shots=3
[29/40] MVI_4404.MP4 (target=1s) ...
[VLM 1/1] OK   shot_501a77ab287a12e9 (15.0s) role=hero fn=ACTION
    -> ok delta=False shots=1
[30/40] MVI_4406.MP4 (target=2s) ...
[VLM 1/1] OK   shot_ba65c806648cd6b7 (28.2s) role=support fn=ESTABLISHING
    -> ok delta=False shots=1
[31/40] MVI_4414.MP4 (target=3s) ...
[VLM 1/1] OK   shot_f9d363537392b1a1 (35.1s) role=broll fn=DETAIL
    -> ok delta=False shots=1
[32/40] MVI_4437.MP4 (target=4s) ...
[VLM 1/1] OK   shot_62058d26d7110101 (13.8s) role=hero fn=ACTION
    -> ok delta=False shots=1
[33/40] MVI_4438.MP4 (target=3s) ...
[VLM 1/1] OK   shot_32b1b91dca46c99b (22.6s) role=hero fn=ESTABLISHING
    -> ok delta=False shots=1
[34/40] MVI_4446.MP4 (target=6s) ...
[VLM 1/3] OK   shot_8f9d799964f45792 (33.3s) role=support fn=ACTION
[VLM 2/3] OK   shot_a26a255ee6875e18 (33.3s) role=hero fn=ACTION
[VLM 3/3] OK   shot_8e1fd08a6917adb6 (29.2s) role=hero fn=ACTION
    -> ok delta=False shots=3
[35/40] MVI_4447.MP4 (target=9s) ...
[VLM 1/4] OK   shot_49c9ec90bf72b4a2 (40.1s) role=support fn=ACTION
[VLM 2/4] OK   shot_8ddfb094b1ae0833 (45.0s) role=support fn=ACTION
[VLM 3/4] OK   shot_12c97f918eb3b167 (39.8s) role=support fn=ACTION
[VLM 4/4] FAIL shot_cf95ce3ac2aaa949 (49.5s) role=broll fn=SENSORY_INSERT
    -> ok delta=False shots=4
[36/40] MVI_4451.MP4 (target=6s) ...
[VLM 1/3] OK   shot_c867527e46265b9d (45.8s) role=support fn=ACTION
[VLM 2/3] OK   shot_2eda86168d096968 (35.9s) role=support fn=ACTION
[VLM 3/3] OK   shot_7e676b2651f45491 (47.9s) role=hero fn=ESTABLISHING
    -> ok delta=False shots=3
[37/40] MVI_4452.MP4 (target=1s) ...
[VLM 1/1] OK   shot_c12c092740de158c (31.6s) role=hero fn=ACTION
    -> ok delta=False shots=1
[38/40] MVI_4456.MP4 (target=1s) ...
[VLM 1/1] OK   shot_5f8ef7c1e96c72d4 (32.4s) role=support fn=ACTION
    -> ok delta=False shots=1
[39/40] MVI_4458.MP4 (target=7s) ...
[VLM 1/3] OK   shot_8b6e5cd067db02c7 (42.8s) role=support fn=ACTION
[VLM 2/3] FAIL shot_6dbdcadac718c074 (51.4s) role=broll fn=SENSORY_INSERT
[VLM 3/3] FAIL shot_ec2e0c43071d4bd0 (6.7s) role=broll fn=SENSORY_INSERT
    -> ok delta=False shots=3
[40/40] MVI_4467.MP4 (target=6s) ...
    -> no_shots 

=== 聚合 ===
{
  "clips": 40,
  "ok": 39,
  "errors": 1,
  "total_shots_observed": 55,
  "vlm_degraded_shots": 0,
  "vlm_valid_rate": 1.0,
  "clips_with_delta": 0,
  "delta_rate": 0.0,
  "discard_intercepted_clips": 0,
  "role_distribution": {
    "broll": 6,
    "hero": 35,
    "support": 14
  }
}

报告: D:\新建豆包\AI-Director\evidence\GLM-HANDOVER\vlm_shadow_batch_report.json ｜ 总耗时 1762s
exit=0
